Launching lib/main.dart on Chrome in debug mode...
Waiting for connection from debug service on Chrome...             17,9s
This app is linked to the debug service: ws://127.0.0.1:58740/yNRrkWdizEo=/ws
Debug service listening on ws://127.0.0.1:58740/yNRrkWdizEo=/ws

🔥  To hot restart changes while running, press "r" or "R".
For a more detailed help message, press "h". To quit, press "q".

A Dart VM Service on Chrome is available at: http://127.0.0.1:58740/yNRrkWdizEo=
AudioContext init error: Assertion failed: file:///Users/jalle/.pub-cache/hosted/pub.dev/audioplayers_platform_interface-7.1.0/lib/src/api/audio_context.dart:223:13
category == AVAudioSessionCategory.playAndRecord ||
                !options.contains(AVAudioSessionOptions.defaultToSpeaker)
"You can set the option `defaultToSpeaker` explicitly only if the audio session category is `playAndRecord`."
animate: true
The Flutter DevTools debugger and profiler on Chrome is available at: http://127.0.0.1:9108?uri=http://127.0.0.1:58740/yNRrkWdizEo=
[14:01:09] LOGIN SUCCESS: palmyra
[14:01:09] --- LOG SYSTEM INITIALIZED ---
📡 FETCHING ORDERS for restaurant: cmnxhfd1z000110wjrhizs4nh
[14:01:09] SOCKET CONNECTED: cmnxhfd1z000110wjrhizs4nh
[14:01:09] SUCCESS: Fetched 50 orders. Pending: 0
📢 Watchdog: Evaluating alarms. Pending: 0
📢 Watchdog: Evaluating alarms. Pending: 0
📢 Watchdog: Evaluating alarms. Pending: 0
[14:01:15] STATUS UPDATED: Order #cmoljxy2y0009pusy1okyfijo -> DELIVERING (null min)
📢 Watchdog: Evaluating alarms. Pending: 0
animate: true
animate: true
animate: true
animate: true
animate: true
animate: true
animate: true
📡 FETCHING ORDERS for restaurant: cmnxhfd1z000110wjrhizs4nh
[14:01:26] SUCCESS: Fetched 50 orders. Pending: 0
📢 Watchdog: Evaluating alarms. Pending: 0
📢 Watchdog: Evaluating alarms. Pending: 0
📢 Watchdog: Evaluating alarms. Pending: 0
📢 Watchdog: Evaluating alarms. Pending: 0
📢 Watchdog: Evaluating alarms. Pending: 0
📢 Watchdog: Evaluating alarms. Pending: 0
animate: true
animate: true
animate: true
animate: true
animate: true
animate: true
animate: true
📢 Watchdog: Evaluating alarms. Pending: 1
🔊 AudioHelper: Starting loop for audio/notification.wav
ℹ️ Mac Sound Bridge not running (ignore if not on Mac)
📢 Watchdog: Evaluating alarms. Pending: 1
📢 Watchdog: Evaluating alarms. Pending: 2
animate: true
animate: true
animate: true
animate: true
animate: true
animate: true
animate: true
══╡ EXCEPTION CAUGHT BY RENDERING LIBRARY ╞═════════════════════════════════════════════════════════
The following assertion was thrown during layout:
A RenderFlex overflowed by 19 pixels on the bottom.

The relevant error-causing widget was:
  Column
  Column:file:///Users/jalle/testa/mobile_apps/restaurant_mobile/lib/widgets/order_card.dart:69:20

To inspect this widget in Flutter DevTools, visit:
http://127.0.0.1:9108/#/inspector?uri=http%3A%2F%2F127.0.0.1%3A58740%2FyNRrkWdizEo%3D&inspectorRef=inspector-0

The overflowing RenderFlex has an orientation of Axis.vertical.
The edge of the RenderFlex that is overflowing has been marked in the rendering with a yellow and
black striped pattern. This is usually caused by the contents being too big for the RenderFlex.
Consider applying a flex factor (e.g. using an Expanded widget) to force the children of the
RenderFlex to fit within the available space instead of being sized to their natural size.
This is considered an error condition because it indicates that there is content that cannot be
seen. If the content is legitimately bigger than the available space, consider clipping it with a
ClipRect widget before putting it in the flex, or using a scrollable container rather than a Flex,
like a ListView.
The specific RenderFlex in question is: RenderFlex#19013 OVERFLOWING:
  creator: Column ← Padding ← Builder ← Padding-[GlobalKey#41621] ← SizedBox ← Ink ← Listener ←
    RawGestureDetector ← GestureDetector ← Semantics ← DefaultSelectionStyle ← Builder ← ⋯
  parentData: offset=Offset(18.0, 18.0) (can use size)
  constraints: BoxConstraints(w=137.8, h=185.8)
  size: Size(137.8, 185.8)
  direction: vertical
  mainAxisAlignment: start
  mainAxisSize: max
  crossAxisAlignment: start
  textDirection: ltr
  verticalDirection: down
◢◤◢◤◢◤◢◤◢◤◢◤◢◤◢◤◢◤◢◤◢◤◢◤◢◤◢◤◢◤◢◤◢◤◢◤◢◤◢◤◢◤◢◤◢◤◢◤◢◤◢◤◢◤◢◤◢◤◢◤◢◤◢◤◢◤◢◤◢◤◢◤◢◤◢◤◢◤◢◤◢◤◢◤◢◤◢◤◢◤◢◤◢◤◢◤◢◤◢◤
════════════════════════════════════════════════════════════════════════════════════════════════════
Another exception was thrown: A RenderFlex overflowed by 19 pixels on the bottom.
📡 FETCHING ORDERS for restaurant: cmnxhfd1z000110wjrhizs4nh
[14:02:21] SUCCESS: Fetched 52 orders. Pending: 2
📢 Watchdog: Evaluating alarms. Pending: 2
📢 Watchdog: Evaluating alarms. Pending: 2
📢 Watchdog: Evaluating alarms. Pending: 1
📢 Watchdog: Evaluating alarms. Pending: 0
📢 Watchdog: Evaluating alarms. Pending: 0
📢 Watchdog: Evaluating alarms. Pending: 0
📢 Watchdog: Evaluating alarms. Pending: 0
📢 Watchdog: Evaluating alarms. Pending: 0
📢 Watchdog: Evaluating alarms. Pending: 0
📢 Watchdog: Evaluating alarms. Pending: 0
📢 Watchdog: Evaluating alarms. Pending: 0
📢 Watchdog: Evaluating alarms. Pending: 0
📢 Watchdog: Evaluating alarms. Pending: 0
📢 Watchdog: Evaluating alarms. Pending: 0
📢 Watchdog: Evaluating alarms. Pending: 0
📢 Watchdog: Evaluating alarms. Pending: 0
📢 Watchdog: Evaluating alarms. Pending: 0
📢 Watchdog: Evaluating alarms. Pending: 0
📢 Watchdog: Evaluating alarms. Pending: 0
📢 Watchdog: Evaluating alarms. Pending: 0
📢 Watchdog: Evaluating alarms. Pending: 0
📢 Watchdog: Evaluating alarms. Pending: 0
📢 Watchdog: Evaluating alarms. Pending: 0
📢 Watchdog: Evaluating alarms. Pending: 0
📢 Watchdog: Evaluating alarms. Pending: 0
📢 Watchdog: Evaluating alarms. Pending: 0
📢 Watchdog: Evaluating alarms. Pending: 0
📢 Watchdog: Evaluating alarms. Pending: 0
📢 Watchdog: Evaluating alarms. Pending: 0
📢 Watchdog: Evaluating alarms. Pending: 0
📢 Watchdog: Evaluating alarms. Pending: 0
📢 Watchdog: Evaluating alarms. Pending: 0
📢 Watchdog: Evaluating alarms. Pending: 0
📢 Watchdog: Evaluating alarms. Pending: 0
📢 Watchdog: Evaluating alarms. Pending: 0
📢 Watchdog: Evaluating alarms. Pending: 0
📢 Watchdog: Evaluating alarms. Pending: 0
📢 Watchdog: Evaluating alarms. Pending: 0
📢 Watchdog: Evaluating alarms. Pending: 0
📢 Watchdog: Evaluating alarms. Pending: 0
📢 Watchdog: Evaluating alarms. Pending: 0
📢 Watchdog: Evaluating alarms. Pending: 0
📢 Watchdog: Evaluating alarms. Pending: 0
📢 Watchdog: Evaluating alarms. Pending: 0
📢 Watchdog: Evaluating alarms. Pending: 0
📢 Watchdog: Evaluating alarms. Pending: 0
📢 Watchdog: Evaluating alarms. Pending: 0
📢 Watchdog: Evaluating alarms. Pending: 0
📢 Watchdog: Evaluating alarms. Pending: 0
📢 Watchdog: Evaluating alarms. Pending: 0
📢 Watchdog: Evaluating alarms. Pending: 0
📢 Watchdog: Evaluating alarms. Pending: 0
📢 Watchdog: Evaluating alarms. Pending: 0
📢 Watchdog: Evaluating alarms. Pending: 0
📢 Watchdog: Evaluating alarms. Pending: 0
📢 Watchdog: Evaluating alarms. Pending: 0
📢 Watchdog: Evaluating alarms. Pending: 0
📢 Watchdog: Evaluating alarms. Pending: 0
Application finished.
